- [callstack/react-native-paper.git]()

- [remobile/react-native-splashscreen]()

- [lesliesam/react-native-wheel-picker]()

- [omulet/react-native-radial-menu]()

- [sunnylqm/react-native-swiper2]()

- [fixt/react-native-page-swiper]()

- [ElekenAgency/ReactNativeWheelPicker]()

- [zehfernandes/react-native-3dcube-navigation]()

- [caroaguilar/react-native-bar-collapsible]()

- [christopherabouabdo/react-native-photo-grid]()

- [guodong000/react-native-circle-progress]()

- [hasangilak/react-native-multi-select]()

- [inProgress-team/react-native-orientation-controller]()

- [tuckerconnelly/match-media-mocks]()

- [tinycreative/react-native-dropbox-chooser]()

- [jaxchow/react-native-rebound-scrollview]()

- [tomzaku/react-native-timeline-theme]()

- [benzhe/react-native-relative-units]()

- [tofugear/react-native-country-picker]()

- [eccolabs/react-native-flex-label]()

- [EdgeJay/react-native-loader-hud]()

- [hasangilak/react-native-none-select]()

